// Jest Snapshot v1, https://goo.gl/fbAQLP

exports[`Categories View Renders 1`] = `
<View
  style={
    Object {
      "height": 1200.6000000000001,
    }
  }
>
  <View
    style={
      Object {
        "flexDirection": "column",
        "justifyContent": "space-around",
        "width": 750,
      }
    }
  />
  <View
    style={
      Object {
        "alignItems": "center",
        "bottom": 0,
        "justifyContent": "center",
        "left": 0,
        "marginBottom": 20,
        "position": "absolute",
        "right": 0,
        "textAlign": "center",
      }
    }
  >
    <Image
      source={1}
      style={
        Object {
          "overflow": "visible",
          "resizeMode": "contain",
          "width": 100,
        }
      }
    />
  </View>
</View>
`;
